2022/09/25 19:33:00.256177 WARN  /home/wathinst/cjProject/qt/std/core/range.cj does not exist, it is read from /home/wathinst/cjProject/qt/qt.widgets.gcno##range.cj##ee2ed641d059020f12c3e15cf4de6a55.gcov,relative source: std/core/range.cj
2022/09/25 19:33:00.256503 WARN  /home/wathinst/cjProject/qt/std/collection/hash_map.cj does not exist, it is read from /home/wathinst/cjProject/qt/qt.widgets.gcno##hash_map.cj##6ac3e30293571947c78624b211b7f0d2.gcov,relative source: std/collection/hash_map.cj
2022/09/25 19:33:00.256770 WARN  /home/wathinst/cjProject/qt/std/core/option.cj does not exist, it is read from /home/wathinst/cjProject/qt/qt.gui.gcno##option.cj##3156cb93630270b92287adbbb0bd1a7c.gcov,relative source: std/core/option.cj
2022/09/25 19:33:00.257000 WARN  /home/wathinst/cjProject/qt/std/core/collection.cj does not exist, it is read from /home/wathinst/cjProject/qt/qt.tools.gcno##collection.cj##d5e9717078bb7d1fec05226ebed11c2e.gcov,relative source: std/core/collection.cj
2022/09/25 19:33:00.258414 WARN  /home/wathinst/cjProject/qt/std/collection/hash_map.cj does not exist, it is read from /home/wathinst/cjProject/qt/qt.core.gcno##hash_map.cj##6ac3e30293571947c78624b211b7f0d2.gcov,relative source: std/collection/hash_map.cj
2022/09/25 19:33:00.260365 WARN  /home/wathinst/cjProject/qt/std/core/collection.cj does not exist, it is read from /home/wathinst/cjProject/qt/qt.gui.gcno##collection.cj##d5e9717078bb7d1fec05226ebed11c2e.gcov,relative source: std/core/collection.cj
2022/09/25 19:33:00.261256 WARN  /home/wathinst/cjProject/qt/std/core/collection.cj does not exist, it is read from /home/wathinst/cjProject/qt/qt.widgets.gcno##collection.cj##d5e9717078bb7d1fec05226ebed11c2e.gcov,relative source: std/core/collection.cj
2022/09/25 19:33:00.263110 WARN  /home/wathinst/cjProject/qt/std/collection/hash_map.cj does not exist, it is read from /home/wathinst/cjProject/qt/qt.gui.gcno##hash_map.cj##6ac3e30293571947c78624b211b7f0d2.gcov,relative source: std/collection/hash_map.cj
2022/09/25 19:33:00.275191 WARN  /home/wathinst/cjProject/qt/std/core/collection.cj does not exist, it is read from /home/wathinst/cjProject/qt/qt.core.gcno##collection.cj##d5e9717078bb7d1fec05226ebed11c2e.gcov,relative source: std/core/collection.cj
2022/09/25 19:33:00.280546 WARN  /home/wathinst/cjProject/qt/std/core/option.cj does not exist, it is read from /home/wathinst/cjProject/qt/qt.widgets.gcno##option.cj##3156cb93630270b92287adbbb0bd1a7c.gcov,relative source: std/core/option.cj
2022/09/25 19:33:00.281273 WARN  /home/wathinst/cjProject/qt/std/core/range.cj does not exist, it is read from /home/wathinst/cjProject/qt/qt.gui.gcno##range.cj##ee2ed641d059020f12c3e15cf4de6a55.gcov,relative source: std/core/range.cj
2022/09/25 19:33:00.281540 WARN  /home/wathinst/cjProject/qt/std/core/option.cj does not exist, it is read from /home/wathinst/cjProject/qt/qt.tools.gcno##option.cj##3156cb93630270b92287adbbb0bd1a7c.gcov,relative source: std/core/option.cj
2022/09/25 19:33:00.283988 WARN  /home/wathinst/cjProject/qt/std/core/array.cj does not exist, it is read from /home/wathinst/cjProject/qt/qt.widgets.gcno##array.cj##35ab301c93bcd72ee4ae37c494839cc6.gcov,relative source: std/core/array.cj
2022/09/25 19:33:00.284266 WARN  /home/wathinst/cjProject/qt/std/collection/hash_map.cj does not exist, it is read from /home/wathinst/cjProject/qt/qt.tools.gcno##hash_map.cj##6ac3e30293571947c78624b211b7f0d2.gcov,relative source: std/collection/hash_map.cj
2022/09/25 19:33:00.287484 WARN  /home/wathinst/cjProject/qt/std/core/range.cj does not exist, it is read from /home/wathinst/cjProject/qt/qt.core.gcno##range.cj##ee2ed641d059020f12c3e15cf4de6a55.gcov,relative source: std/core/range.cj
2022/09/25 19:33:00.288032 WARN  /home/wathinst/cjProject/qt/std/core/range.cj does not exist, it is read from /home/wathinst/cjProject/qt/qt.tools.gcno##range.cj##ee2ed641d059020f12c3e15cf4de6a55.gcov,relative source: std/core/range.cj
2022/09/25 19:33:00.288308 WARN  /home/wathinst/cjProject/qt/std/core/array.cj does not exist, it is read from /home/wathinst/cjProject/qt/qt.gui.gcno##array.cj##35ab301c93bcd72ee4ae37c494839cc6.gcov,relative source: std/core/array.cj
2022/09/25 19:33:00.295779 WARN  /home/wathinst/cjProject/qt/std/core/option.cj does not exist, it is read from /home/wathinst/cjProject/qt/qt.core.gcno##option.cj##3156cb93630270b92287adbbb0bd1a7c.gcov,relative source: std/core/option.cj
2022/09/25 19:33:00.298015 WARN  /home/wathinst/cjProject/qt/std/core/array.cj does not exist, it is read from /home/wathinst/cjProject/qt/qt.tools.gcno##array.cj##35ab301c93bcd72ee4ae37c494839cc6.gcov,relative source: std/core/array.cj
2022/09/25 19:33:00.299142 WARN  /home/wathinst/cjProject/qt/std/core/array.cj does not exist, it is read from /home/wathinst/cjProject/qt/qt.core.gcno##array.cj##35ab301c93bcd72ee4ae37c494839cc6.gcov,relative source: std/core/array.cj
2022/09/25 19:33:00.303882 WARN  /home/wathinst/cjProject/qt/std/core/collection.cj does not exist, it is read from /home/wathinst/cjProject/qt/ci_test/test_temp/run/action_test_cj_1664105570_826932/default.gcno##collection.cj##d5e9717078bb7d1fec05226ebed11c2e.gcov,relative source: std/core/collection.cj
2022/09/25 19:33:00.304165 WARN  /home/wathinst/cjProject/qt/std/collection/hash_map.cj does not exist, it is read from /home/wathinst/cjProject/qt/ci_test/test_temp/run/action_test_cj_1664105570_826932/default.gcno##hash_map.cj##6ac3e30293571947c78624b211b7f0d2.gcov,relative source: std/collection/hash_map.cj
2022/09/25 19:33:00.305289 WARN  /home/wathinst/cjProject/qt/std/core/array.cj does not exist, it is read from /home/wathinst/cjProject/qt/ci_test/test_temp/run/action_test_cj_1664105570_826932/default.gcno##array.cj##35ab301c93bcd72ee4ae37c494839cc6.gcov,relative source: std/core/array.cj
2022/09/25 19:33:00.305558 WARN  /home/wathinst/cjProject/qt/std/core/option.cj does not exist, it is read from /home/wathinst/cjProject/qt/ci_test/test_temp/run/action_test_cj_1664105570_826932/default.gcno##option.cj##3156cb93630270b92287adbbb0bd1a7c.gcov,relative source: std/core/option.cj
2022/09/25 19:33:00.305798 WARN  /home/wathinst/cjProject/qt/std/core/range.cj does not exist, it is read from /home/wathinst/cjProject/qt/ci_test/test_temp/run/action_test_cj_1664105570_826932/default.gcno##range.cj##ee2ed641d059020f12c3e15cf4de6a55.gcov,relative source: std/core/range.cj
2022/09/25 19:33:00.307041 WARN  /home/wathinst/cjProject/qt/std/core/collection.cj does not exist, it is read from /home/wathinst/cjProject/qt/ci_test/test_temp/run/line_edit_test_cj_1664105522_6036453/default.gcno##collection.cj##d5e9717078bb7d1fec05226ebed11c2e.gcov,relative source: std/core/collection.cj
2022/09/25 19:33:00.307291 WARN  /home/wathinst/cjProject/qt/std/collection/hash_map.cj does not exist, it is read from /home/wathinst/cjProject/qt/ci_test/test_temp/run/line_edit_test_cj_1664105522_6036453/default.gcno##hash_map.cj##6ac3e30293571947c78624b211b7f0d2.gcov,relative source: std/collection/hash_map.cj
2022/09/25 19:33:00.308358 WARN  /home/wathinst/cjProject/qt/std/core/array.cj does not exist, it is read from /home/wathinst/cjProject/qt/ci_test/test_temp/run/line_edit_test_cj_1664105522_6036453/default.gcno##array.cj##35ab301c93bcd72ee4ae37c494839cc6.gcov,relative source: std/core/array.cj
2022/09/25 19:33:00.308604 WARN  /home/wathinst/cjProject/qt/std/core/option.cj does not exist, it is read from /home/wathinst/cjProject/qt/ci_test/test_temp/run/line_edit_test_cj_1664105522_6036453/default.gcno##option.cj##3156cb93630270b92287adbbb0bd1a7c.gcov,relative source: std/core/option.cj
2022/09/25 19:33:00.308837 WARN  /home/wathinst/cjProject/qt/std/core/range.cj does not exist, it is read from /home/wathinst/cjProject/qt/ci_test/test_temp/run/line_edit_test_cj_1664105522_6036453/default.gcno##range.cj##ee2ed641d059020f12c3e15cf4de6a55.gcov,relative source: std/core/range.cj
